// Vitest Snapshot v1, https://vitest.dev/guide/snapshot.html

exports[`Skeleton > renders snapshot 1`] = `
<div>
  <div
    class="animate-pulse rounded-lg bg-accent duration-1000 h-4 w-12"
    data-testid="Skeleton-testid"
  />
</div>
`;
