// Vitest Snapshot v1, https://vitest.dev/guide/snapshot.html

exports[`Progress > renders snapshot 1`] = `
<div>
  <div
    aria-valuemax="100"
    aria-valuemin="0"
    class="relative h-4 w-full overflow-hidden rounded-full bg-primary-disabled"
    data-max="100"
    data-state="indeterminate"
    data-testid="Progress-testid"
    role="progressbar"
  >
    <div
      class="h-full w-full flex-1 animate-pulse rounded-full bg-primary transition-all duration-1000"
      data-max="100"
      data-state="indeterminate"
      style="transform: translateX(-50%);"
    />
  </div>
</div>
`;
