// Vitest Snapshot v1, https://vitest.dev/guide/snapshot.html

exports[`Dialog > renders snapshot 1`] = `
<div
  aria-describedby="radix-:r8:"
  aria-labelledby="radix-:r7:"
  class="fixed left-[50%] top-[50%] z-50 grid w-full max-w-lg translate-x-[-50%] translate-y-[-50%] gap-4 border border-slate-200 bg-white p-6 shadow-lg duration-200 data-[state=open]:animate-in data-[state=closed]:animate-out data-[state=closed]:fade-out-0 data-[state=open]:fade-in-0 data-[state=closed]:zoom-out-95 data-[state=open]:zoom-in-95 data-[state=closed]:slide-out-to-left-1/2 data-[state=closed]:slide-out-to-top-[48%] data-[state=open]:slide-in-from-left-1/2 data-[state=open]:slide-in-from-top-[48%] dark:border-slate-800 dark:bg-slate-950 sm:rounded-lg"
  data-state="open"
  data-testid="DialogContent-testid"
  id="radix-:r6:"
  role="dialog"
  style="pointer-events: auto;"
  tabindex="-1"
>
  <div
    class="flex flex-col space-y-1.5 text-center sm:text-left"
    data-testid="DialogHeader-testid"
  >
    <h2
      class="text-lg font-semibold leading-none tracking-tight"
      id="radix-:r7:"
    >
      Are you absolutely sure?
    </h2>
    <p
      class="text-sm text-slate-500 dark:text-slate-400"
      id="radix-:r8:"
    >
      Header description
    </p>
  </div>
  <div
    data-testid="DialogContentBody-testid"
  >
    Content body
  </div>
  <div
    class="flex flex-col-reverse sm:flex-row sm:justify-end sm:space-x-2"
    data-testid="DialogFooter-testid"
  >
    <button
      class="inline-flex items-center justify-center gap-2 whitespace-nowrap rounded-full text-sm font-semibold ring-offset-white transition-colors focus-visible:outline-none focus-visible:ring-2 focus-visible:ring-slate-950 focus-visible:ring-offset-2 disabled:pointer-events-none disabled:opacity-50 [&_svg]:pointer-events-none [&_svg]:size-4 [&_svg]:shrink-0 dark:ring-offset-slate-950 dark:focus-visible:ring-slate-300 bg-primary text-white hover:bg-primary-hover h-11 px-4 py-2"
      type="submit"
    >
      Save changes
    </button>
  </div>
  <button
    class="absolute right-4 top-4 rounded-sm opacity-70 ring-offset-white transition-opacity hover:opacity-100 focus:outline-none focus:ring-2 focus:ring-slate-950 focus:ring-offset-2 disabled:pointer-events-none data-[state=open]:bg-slate-100 data-[state=open]:text-slate-500 dark:ring-offset-slate-950 dark:focus:ring-slate-300 dark:data-[state=open]:bg-slate-800 dark:data-[state=open]:text-slate-400"
    type="button"
  >
    <svg
      class="lucide lucide-x h-4 w-4"
      fill="none"
      height="24"
      stroke="currentColor"
      stroke-linecap="round"
      stroke-linejoin="round"
      stroke-width="2"
      viewBox="0 0 24 24"
      width="24"
      xmlns="http://www.w3.org/2000/svg"
    >
      <path
        d="M18 6 6 18"
      />
      <path
        d="m6 6 12 12"
      />
    </svg>
    <span
      class="sr-only"
    >
      Close
    </span>
  </button>
</div>
`;
