// Vitest Snapshot v1, https://vitest.dev/guide/snapshot.html

exports[`AlertDialog > renders snapshot 1`] = `
<div
  aria-describedby="radix-:r5:"
  aria-labelledby="radix-:r4:"
  class="fixed left-[50%] top-[50%] z-50 grid w-full max-w-lg translate-x-[-50%] translate-y-[-50%] gap-4 border border-slate-200 bg-white p-6 shadow-lg duration-200 data-[state=open]:animate-in data-[state=closed]:animate-out data-[state=closed]:fade-out-0 data-[state=open]:fade-in-0 data-[state=closed]:zoom-out-95 data-[state=open]:zoom-in-95 data-[state=closed]:slide-out-to-left-1/2 data-[state=closed]:slide-out-to-top-[48%] data-[state=open]:slide-in-from-left-1/2 data-[state=open]:slide-in-from-top-[48%] dark:border-slate-800 dark:bg-slate-950 sm:rounded-lg"
  data-state="open"
  data-testid="dialog-content-testid"
  id="radix-:r3:"
  role="alertdialog"
  style="pointer-events: auto;"
  tabindex="-1"
>
  <div
    class="flex flex-col space-y-2 text-center sm:text-left"
  >
    <h2
      class="text-lg font-semibold"
      data-testid="dialog-title-testid"
      id="radix-:r4:"
    >
      Are you absolutely sure?
    </h2>
    <p
      class="text-sm text-slate-500 dark:text-slate-400"
      data-testid="dialog-description-testid"
      id="radix-:r5:"
    >
      This is a description.
    </p>
  </div>
  <div
    class="flex flex-col-reverse sm:flex-row sm:justify-end sm:space-x-2"
    data-testid="dialog-footer-testid"
  >
    <button
      class="inline-flex items-center justify-center gap-2 whitespace-nowrap rounded-full text-sm font-medium ring-offset-white transition-colors focus-visible:outline-none focus-visible:ring-2 focus-visible:ring-slate-950 focus-visible:ring-offset-2 disabled:pointer-events-none disabled:opacity-50 [&_svg]:pointer-events-none [&_svg]:size-4 [&_svg]:shrink-0 dark:ring-offset-slate-950 dark:focus-visible:ring-slate-300 border border-secondary text-secondary hover:bg-secondaryHover hover:text-white h-10 px-4 py-2 mt-2 sm:mt-0"
      type="button"
    >
      Cancel
    </button>
    <button
      class="inline-flex items-center justify-center gap-2 whitespace-nowrap rounded-full text-sm font-medium ring-offset-white transition-colors focus-visible:outline-none focus-visible:ring-2 focus-visible:ring-slate-950 focus-visible:ring-offset-2 disabled:pointer-events-none disabled:opacity-50 [&_svg]:pointer-events-none [&_svg]:size-4 [&_svg]:shrink-0 dark:ring-offset-slate-950 dark:focus-visible:ring-slate-300 bg-secondary text-white hover:bg-secondaryHover h-10 px-4 py-2"
      type="button"
    >
      Continue
    </button>
  </div>
</div>
`;
