// Vitest Snapshot v1, https://vitest.dev/guide/snapshot.html

exports[`RadioGroup > renders snapshot 1`] = `
<div>
  <div
    aria-required="false"
    class="grid gap-2"
    data-testid="RadioGroup-testid"
    dir="ltr"
    role="radiogroup"
    style="outline-color: none; outline-style: none; outline-width: initial;"
    tabindex="0"
  >
    <div
      class="flex items-center space-x-2"
    >
      <button
        aria-checked="false"
        class="aspect-square h-4 w-4 rounded-full border border-secondary ring-offset-white focus:outline-none focus-visible:ring-2 focus-visible:ring-primary focus-visible:ring-offset-2 disabled:cursor-not-allowed disabled:opacity-50 data-[state=checked]:border-primary"
        data-radix-collection-item=""
        data-state="unchecked"
        id="option1"
        role="radio"
        tabindex="-1"
        type="button"
        value="option1"
      />
      <label
        class="text-sm leading-none peer-disabled:cursor-not-allowed peer-disabled:opacity-70 text-letter-body"
        for="option1"
      >
        Option 1
      </label>
    </div>
    <div
      class="flex items-center space-x-2"
    >
      <button
        aria-checked="true"
        class="aspect-square h-4 w-4 rounded-full border border-secondary ring-offset-white focus:outline-none focus-visible:ring-2 focus-visible:ring-primary focus-visible:ring-offset-2 disabled:cursor-not-allowed disabled:opacity-50 data-[state=checked]:border-primary"
        data-radix-collection-item=""
        data-state="checked"
        id="option2"
        role="radio"
        tabindex="-1"
        type="button"
        value="option2"
      >
        <span
          class="flex items-center justify-center"
          data-state="checked"
        >
          <svg
            class="lucide lucide-circle h-2.5 w-2.5 fill-primary text-primary"
            fill="none"
            height="24"
            stroke="currentColor"
            stroke-linecap="round"
            stroke-linejoin="round"
            stroke-width="2"
            viewBox="0 0 24 24"
            width="24"
            xmlns="http://www.w3.org/2000/svg"
          >
            <circle
              cx="12"
              cy="12"
              r="10"
            />
          </svg>
        </span>
      </button>
      <label
        class="text-sm leading-none peer-disabled:cursor-not-allowed peer-disabled:opacity-70 text-letter-body"
        for="option2"
      >
        Option 2
      </label>
    </div>
  </div>
</div>
`;
