// Vitest Snapshot v1, https://vitest.dev/guide/snapshot.html

exports[`Popover > renders snapshot 1`] = `
<div
  class="z-50 w-72 rounded-lg bg-white p-4 text-letter-body shadow-md outline-none dark:bg-accent data-[state=open]:animate-in data-[state=closed]:animate-out data-[state=closed]:fade-out-0 data-[state=open]:fade-in-0 data-[state=closed]:zoom-out-95 data-[state=open]:zoom-in-95 data-[side=bottom]:slide-in-from-top-2 data-[side=left]:slide-in-from-right-2 data-[side=right]:slide-in-from-left-2 data-[side=top]:slide-in-from-bottom-2"
  data-align="center"
  data-side="bottom"
  data-state="open"
  data-testid="PopoverContent-testid"
  id="radix-:r1:"
  role="dialog"
  style="--radix-popover-content-transform-origin: var(--radix-popper-transform-origin); --radix-popover-content-available-width: var(--radix-popper-available-width); --radix-popover-content-available-height: var(--radix-popper-available-height); --radix-popover-trigger-width: var(--radix-popper-anchor-width); --radix-popover-trigger-height: var(--radix-popper-anchor-height);"
  tabindex="-1"
>
  Popover Content
  <span
    style="position: absolute; top: 0px; transform-origin: center 0; transform: rotate(180deg); left: 0px;"
  >
    <svg
      class="fill-white dark:fill-accent"
      height="5"
      preserveAspectRatio="none"
      style="display: block;"
      viewBox="0 0 30 10"
      width="10"
    >
      <polygon
        points="0,0 30,0 15,10"
      />
    </svg>
  </span>
</div>
`;
