// Vitest Snapshot v1, https://vitest.dev/guide/snapshot.html

exports[`Card > renders snapshot 1`] = `
<div>
  <div
    class="rounded-lg border border-slate-200 bg-white text-slate-950 shadow-sm dark:border-slate-800 dark:bg-slate-950 dark:text-slate-50"
    data-testid="Card-testid"
  >
    <div
      class="flex flex-col space-y-1.5 p-6"
    >
      <div
        class="text-2xl font-semibold leading-none tracking-tight"
        data-testid="CardTitle-testid"
      >
        Card Title
      </div>
      <div
        class="text-sm text-slate-500 dark:text-slate-400"
        data-testid="CardDescription-testid"
      >
        Card Description
      </div>
    </div>
    <div
      class="p-6 pt-0"
      data-testid="CardContent-testid"
    >
      <p>
        Card Content
      </p>
    </div>
    <div
      class="flex items-center p-6 pt-0"
      data-testid="CardFooter-testid"
    >
      <p>
        Card Footer
      </p>
    </div>
  </div>
</div>
`;
